// Jest Snapshot v1, https://goo.gl/fbAQLP

exports[`matches snapshot 1`] = `
<DocumentFragment>
  <div
    class="LoginForm"
  >
    <div
      class="container"
    >
      <h2
        class="display-4 my-4"
      >
        Welcome back
      </h2>
      <div>
        <form>
          <div
            class="form-group mb-2"
          >
            <label
              for="username"
            >
              Username
            </label>
            <input
              autocomplete="username"
              class="form-control"
              id="username"
              name="username"
              required=""
              type="text"
              value=""
            />
          </div>
          <div
            class="form-group mb-3"
          >
            <label
              for="password"
            >
              Password
            </label>
            <input
              autocomplete="current-password"
              class="form-control"
              id="password"
              name="password"
              required=""
              type="password"
              value=""
            />
          </div>
          <button
            class="btn btn-dark"
            type="submit"
          >
            Log in
          </button>
        </form>
        <div
          class="mt-5"
        >
          DEMO LOGIN - Username: testuser | Password: password
        </div>
      </div>
    </div>
  </div>
</DocumentFragment>
`;
