// Jest Snapshot v1, https://goo.gl/fbAQLP

exports[`matches snapshot 1`] = `
<DocumentFragment>
  <div
    class="SignupForm"
  >
    <div
      class="container"
    >
      <h2
        class="my-4 display-4"
      >
        Sign Up
      </h2>
      <div>
        <form>
          <div
            class="form-group mb-2"
          >
            <label
              for="username"
            >
              Username
            </label>
            <input
              autocomplete="username"
              class="form-control"
              id="username"
              name="username"
              required=""
              type="text"
              value=""
            />
          </div>
          <div
            class="form-group mb-2"
          >
            <label
              for="email"
            >
              Email
            </label>
            <input
              class="form-control"
              id="email"
              name="email"
              type="email"
              value=""
            />
          </div>
          <div
            class="form-group mb-2"
          >
            <label
              for="firstName"
            >
              First Name
            </label>
            <input
              class="form-control"
              id="firstName"
              name="firstName"
              type="text"
              value=""
            />
          </div>
          <div
            class="form-group mb-2"
          >
            <label
              for="lastName"
            >
              Last Name
            </label>
            <input
              class="form-control"
              id="lastName"
              name="lastName"
              type="text"
              value=""
            />
          </div>
          <div
            class="form-group mb-3"
          >
            <label
              for="password"
            >
              Password
            </label>
            <input
              autocomplete="new-password"
              class="form-control"
              id="password"
              name="password"
              required=""
              type="password"
              value=""
            />
          </div>
          <button
            class="btn btn-dark"
            type="submit"
          >
            Sign Up
          </button>
        </form>
      </div>
    </div>
  </div>
</DocumentFragment>
`;
